\set VERBOSITY terse
CREATE EXTENSION pg_pathman;
CREATE SCHEMA callbacks;
/* Check callbacks */
CREATE OR REPLACE FUNCTION callbacks.abc_on_part_created_callback(args JSONB)
RETURNS VOID AS $$
BEGIN
	RAISE WARNING 'callback arg: %', args::TEXT;
END
$$ language plpgsql;
/* callback is in public namespace, must be schema-qualified */
CREATE OR REPLACE FUNCTION public.dummy_cb(args JSONB)
RETURNS VOID AS $$
BEGIN
END
$$ language plpgsql;
CREATE TABLE callbacks.abc(a serial, b int);
SELECT create_range_partitions('callbacks.abc', 'a', 1, 100, 2);
NOTICE:  sequence "abc_seq" does not exist, skipping
 create_range_partitions 
-------------------------
                       2
(1 row)

SELECT set_init_callback('callbacks.abc', 'public.dummy_cb(jsonb)');
 set_init_callback 
-------------------
 
(1 row)

/* check that callback is schema-qualified */
SELECT init_callback FROM pathman_config_params
WHERE partrel = 'callbacks.abc'::REGCLASS;
     init_callback      
------------------------
 public.dummy_cb(jsonb)
(1 row)

/* reset callback */
SELECT set_init_callback('callbacks.abc');
 set_init_callback 
-------------------
 
(1 row)

/* should return NULL */
SELECT init_callback FROM pathman_config_params
WHERE partrel = 'callbacks.abc'::REGCLASS;
 init_callback 
---------------
 
(1 row)

SELECT set_init_callback('callbacks.abc',
						 'callbacks.abc_on_part_created_callback(jsonb)');
 set_init_callback 
-------------------
 
(1 row)

/* check that callback is schema-qualified */
SELECT init_callback FROM pathman_config_params
WHERE partrel = 'callbacks.abc'::REGCLASS;
                 init_callback                 
-----------------------------------------------
 callbacks.abc_on_part_created_callback(jsonb)
(1 row)

DROP TABLE callbacks.abc CASCADE;
NOTICE:  drop cascades to 2 other objects
/* set callback to be called on RANGE partitions */
CREATE TABLE callbacks.abc(a serial, b int);
SELECT create_range_partitions('callbacks.abc', 'a', 1, 100, 2);
 create_range_partitions 
-------------------------
                       2
(1 row)

SELECT set_init_callback('callbacks.abc',
						 'callbacks.abc_on_part_created_callback(jsonb)');
 set_init_callback 
-------------------
 
(1 row)

INSERT INTO callbacks.abc VALUES (123, 1);
INSERT INTO callbacks.abc VALUES (223, 1); /* show warning */
WARNING:  callback arg: {"parent": "abc", "parttype": "2", "partition": "abc_3", "range_max": "301", "range_min": "201", "parent_schema": "callbacks", "partition_schema": "callbacks"}
SELECT set_spawn_using_bgw('callbacks.abc', true);
 set_spawn_using_bgw 
---------------------
 
(1 row)

SELECT get_number_of_partitions('callbacks.abc');
 get_number_of_partitions 
--------------------------
                        3
(1 row)

INSERT INTO callbacks.abc VALUES (323, 1);
SELECT get_number_of_partitions('callbacks.abc'); /* +1 partition (created by BGW) */
 get_number_of_partitions 
--------------------------
                        4
(1 row)

SELECT set_spawn_using_bgw('callbacks.abc', false);
 set_spawn_using_bgw 
---------------------
 
(1 row)

SELECT append_range_partition('callbacks.abc');
WARNING:  callback arg: {"parent": "abc", "parttype": "2", "partition": "abc_5", "range_max": "501", "range_min": "401", "parent_schema": "callbacks", "partition_schema": "callbacks"}
 append_range_partition 
------------------------
 callbacks.abc_5
(1 row)

SELECT prepend_range_partition('callbacks.abc');
WARNING:  callback arg: {"parent": "abc", "parttype": "2", "partition": "abc_6", "range_max": "1", "range_min": "-99", "parent_schema": "callbacks", "partition_schema": "callbacks"}
 prepend_range_partition 
-------------------------
 callbacks.abc_6
(1 row)

SELECT add_range_partition('callbacks.abc', 501, 602);
WARNING:  callback arg: {"parent": "abc", "parttype": "2", "partition": "abc_7", "range_max": "602", "range_min": "501", "parent_schema": "callbacks", "partition_schema": "callbacks"}
 add_range_partition 
---------------------
 callbacks.abc_7
(1 row)

SELECT drop_partitions('callbacks.abc');
NOTICE:  0 rows copied from callbacks.abc_1
NOTICE:  1 rows copied from callbacks.abc_2
NOTICE:  1 rows copied from callbacks.abc_3
NOTICE:  1 rows copied from callbacks.abc_4
NOTICE:  0 rows copied from callbacks.abc_5
NOTICE:  0 rows copied from callbacks.abc_6
NOTICE:  0 rows copied from callbacks.abc_7
 drop_partitions 
-----------------
               7
(1 row)

/* set callback to be called on HASH partitions */
SELECT set_init_callback('callbacks.abc',
						 'callbacks.abc_on_part_created_callback(jsonb)');
 set_init_callback 
-------------------
 
(1 row)

SELECT create_hash_partitions('callbacks.abc', 'a', 5);
WARNING:  callback arg: {"parent": "abc", "parttype": "1", "partition": "abc_0", "parent_schema": "callbacks", "partition_schema": "callbacks"}
WARNING:  callback arg: {"parent": "abc", "parttype": "1", "partition": "abc_1", "parent_schema": "callbacks", "partition_schema": "callbacks"}
WARNING:  callback arg: {"parent": "abc", "parttype": "1", "partition": "abc_2", "parent_schema": "callbacks", "partition_schema": "callbacks"}
WARNING:  callback arg: {"parent": "abc", "parttype": "1", "partition": "abc_3", "parent_schema": "callbacks", "partition_schema": "callbacks"}
WARNING:  callback arg: {"parent": "abc", "parttype": "1", "partition": "abc_4", "parent_schema": "callbacks", "partition_schema": "callbacks"}
 create_hash_partitions 
------------------------
                      5
(1 row)

DROP TABLE callbacks.abc CASCADE;
NOTICE:  drop cascades to 5 other objects
/* test the temprary deletion of callback function */
CREATE TABLE callbacks.abc(a serial, b int);
SELECT set_init_callback('callbacks.abc',
						 'callbacks.abc_on_part_created_callback(jsonb)');
 set_init_callback 
-------------------
 
(1 row)

SELECT create_range_partitions('callbacks.abc', 'a', 1, 100, 2);
WARNING:  callback arg: {"parent": "abc", "parttype": "2", "partition": "abc_1", "range_max": "101", "range_min": "1", "parent_schema": "callbacks", "partition_schema": "callbacks"}
WARNING:  callback arg: {"parent": "abc", "parttype": "2", "partition": "abc_2", "range_max": "201", "range_min": "101", "parent_schema": "callbacks", "partition_schema": "callbacks"}
 create_range_partitions 
-------------------------
                       2
(1 row)

INSERT INTO callbacks.abc VALUES (201, 0); /* +1 new partition */
WARNING:  callback arg: {"parent": "abc", "parttype": "2", "partition": "abc_3", "range_max": "301", "range_min": "201", "parent_schema": "callbacks", "partition_schema": "callbacks"}
DROP FUNCTION callbacks.abc_on_part_created_callback(jsonb);
INSERT INTO callbacks.abc VALUES (301, 0); /* +0 new partitions (ERROR) */
ERROR:  callback function "callbacks.abc_on_part_created_callback(jsonb)" does not exist
CREATE OR REPLACE FUNCTION callbacks.abc_on_part_created_callback(args JSONB)
RETURNS VOID AS $$
BEGIN
	RAISE WARNING 'callback arg: %', args::TEXT;
END
$$ language plpgsql;
INSERT INTO callbacks.abc VALUES (301, 0); /* +1 new partition */
WARNING:  callback arg: {"parent": "abc", "parttype": "2", "partition": "abc_5", "range_max": "401", "range_min": "301", "parent_schema": "callbacks", "partition_schema": "callbacks"}
DROP TABLE callbacks.abc CASCADE;
NOTICE:  drop cascades to 4 other objects
/* more complex test using rotation of tables */
CREATE TABLE callbacks.abc(a INT4 NOT NULL);
INSERT INTO callbacks.abc
	SELECT a FROM generate_series(1, 100) a;
SELECT create_range_partitions('callbacks.abc', 'a', 1, 10, 10);
 create_range_partitions 
-------------------------
                      10
(1 row)

CREATE OR REPLACE FUNCTION callbacks.rotation_callback(params jsonb)
RETURNS VOID AS
$$
DECLARE
    relation	regclass;
	parent_rel	regclass;
BEGIN
	parent_rel := concat(params->>'partition_schema', '.', params->>'parent')::regclass;

    -- drop "old" partitions
    FOR relation IN (SELECT partition FROM pathman_partition_list
                     WHERE parent = parent_rel
					 ORDER BY range_min::INT4 DESC
                     OFFSET 4)  -- remain 4 last partitions
    LOOP
        RAISE NOTICE 'dropping partition %', relation;
        PERFORM drop_range_partition(relation);
    END LOOP;
END
$$ LANGUAGE plpgsql;
SELECT * FROM pathman_partition_list
WHERE parent = 'callbacks.abc'::REGCLASS
ORDER BY range_min::INT4;
    parent     |    partition     | parttype | partattr | range_min | range_max 
---------------+------------------+----------+----------+-----------+-----------
 callbacks.abc | callbacks.abc_1  |        2 | a        | 1         | 11
 callbacks.abc | callbacks.abc_2  |        2 | a        | 11        | 21
 callbacks.abc | callbacks.abc_3  |        2 | a        | 21        | 31
 callbacks.abc | callbacks.abc_4  |        2 | a        | 31        | 41
 callbacks.abc | callbacks.abc_5  |        2 | a        | 41        | 51
 callbacks.abc | callbacks.abc_6  |        2 | a        | 51        | 61
 callbacks.abc | callbacks.abc_7  |        2 | a        | 61        | 71
 callbacks.abc | callbacks.abc_8  |        2 | a        | 71        | 81
 callbacks.abc | callbacks.abc_9  |        2 | a        | 81        | 91
 callbacks.abc | callbacks.abc_10 |        2 | a        | 91        | 101
(10 rows)

SELECT set_init_callback('callbacks.abc',
						 'callbacks.rotation_callback(jsonb)');
 set_init_callback 
-------------------
 
(1 row)

INSERT INTO callbacks.abc VALUES (110);
NOTICE:  dropping partition callbacks.abc_7
NOTICE:  dropping partition callbacks.abc_6
NOTICE:  dropping partition callbacks.abc_5
NOTICE:  dropping partition callbacks.abc_4
NOTICE:  dropping partition callbacks.abc_3
NOTICE:  dropping partition callbacks.abc_2
NOTICE:  dropping partition callbacks.abc_1
INSERT INTO callbacks.abc VALUES (120);
INSERT INTO callbacks.abc VALUES (130);
NOTICE:  dropping partition callbacks.abc_8
INSERT INTO callbacks.abc VALUES (140);
NOTICE:  dropping partition callbacks.abc_9
INSERT INTO callbacks.abc VALUES (150);
NOTICE:  dropping partition callbacks.abc_10
SELECT * FROM pathman_partition_list
WHERE parent = 'callbacks.abc'::REGCLASS
ORDER BY range_min::INT4;
    parent     |    partition     | parttype | partattr | range_min | range_max 
---------------+------------------+----------+----------+-----------+-----------
 callbacks.abc | callbacks.abc_11 |        2 | a        | 101       | 111
 callbacks.abc | callbacks.abc_12 |        2 | a        | 111       | 121
 callbacks.abc | callbacks.abc_13 |        2 | a        | 121       | 131
 callbacks.abc | callbacks.abc_14 |        2 | a        | 131       | 141
 callbacks.abc | callbacks.abc_15 |        2 | a        | 141       | 151
(5 rows)

DROP TABLE callbacks.abc CASCADE;
NOTICE:  drop cascades to 5 other objects
DROP SCHEMA callbacks CASCADE;
NOTICE:  drop cascades to 3 other objects
DROP EXTENSION pg_pathman CASCADE;
