Parsed test spec with 1 sessions

starting permutation: begin insert_data create_partitions rollback show_me_what_you_got
step begin: BEGIN;
step insert_data: INSERT INTO range_rel SELECT generate_series(1, 10000);
step create_partitions: SELECT create_range_partitions('range_rel', 'id', 1, 1000);
create_range_partitions

10             
WARNING:  Removing 'range_rel' partitions from pg_pathman's cache
step rollback: ROLLBACK;
step show_me_what_you_got: EXPLAIN (COSTS OFF) SELECT * FROM range_rel;
QUERY PLAN     

Seq Scan on range_rel

starting permutation: begin insert_data create_partitions commit show_me_what_you_got
step begin: BEGIN;
step insert_data: INSERT INTO range_rel SELECT generate_series(1, 10000);
step create_partitions: SELECT create_range_partitions('range_rel', 'id', 1, 1000);
create_range_partitions

10             
step commit: COMMIT;
step show_me_what_you_got: EXPLAIN (COSTS OFF) SELECT * FROM range_rel;
QUERY PLAN     

Append         
  ->  Seq Scan on range_rel_1
  ->  Seq Scan on range_rel_2
  ->  Seq Scan on range_rel_3
  ->  Seq Scan on range_rel_4
  ->  Seq Scan on range_rel_5
  ->  Seq Scan on range_rel_6
  ->  Seq Scan on range_rel_7
  ->  Seq Scan on range_rel_8
  ->  Seq Scan on range_rel_9
  ->  Seq Scan on range_rel_10
